// Jest Snapshot v1, https://goo.gl/fbAQLP

exports[`scenes - TextConverter mounts 1`] = `
.c1 {
  width: 80%;
  text-align: center;
  margin: 0 auto;
  margin-top: 24px;
}

.c2 {
  margin: 0 5px 5px;
}

.c0 {
  font-family: 'Courier New',mono,sans-serif;
  font-size: 16px;
}

<div
  class="MuiContainer-root MuiContainer-maxWidthXl"
  style="margin: 100px 0px;"
>
  <div
    class="MuiInputBase-root MuiOutlinedInput-root c0 MuiInputBase-fullWidth Mui-focused Mui-focused MuiInputBase-multiline MuiOutlinedInput-multiline"
  >
    <textarea
      aria-label="Text input"
      class="MuiInputBase-input MuiOutlinedInput-input MuiInputBase-inputMultiline MuiOutlinedInput-inputMultiline"
      placeholder="Write your text here"
      rows="20"
    />
    <fieldset
      aria-hidden="true"
      class="PrivateNotchedOutline-root-42 MuiOutlinedInput-notchedOutline"
      style="padding-left: 8px;"
    >
      <legend
        class="PrivateNotchedOutline-legend-43"
        style="width: 0.01px;"
      >
        <span>
          â€‹
        </span>
      </legend>
    </fieldset>
  </div>
  <div
    class="c1"
  >
    <div
      aria-disabled="true"
      aria-label="camelCase"
      class="MuiButtonBase-root MuiChip-root c2 MuiChip-outlined Mui-disabled MuiChip-clickable"
      role="button"
      tabindex="0"
    >
      <span
        class="MuiChip-label"
      >
        camelCase
      </span>
      <span
        class="MuiTouchRipple-root"
      />
    </div>
    <div
      aria-disabled="true"
      aria-label="CONSTANT_CASE"
      class="MuiButtonBase-root MuiChip-root c2 MuiChip-outlined Mui-disabled MuiChip-clickable"
      role="button"
      tabindex="0"
    >
      <span
        class="MuiChip-label"
      >
        CONSTANT_CASE
      </span>
      <span
        class="MuiTouchRipple-root"
      />
    </div>
    <div
      aria-disabled="true"
      aria-label="dot.case"
      class="MuiButtonBase-root MuiChip-root c2 MuiChip-outlined Mui-disabled MuiChip-clickable"
      role="button"
      tabindex="0"
    >
      <span
        class="MuiChip-label"
      >
        dot.case
      </span>
      <span
        class="MuiTouchRipple-root"
      />
    </div>
    <div
      aria-disabled="true"
      aria-label="Header-Case"
      class="MuiButtonBase-root MuiChip-root c2 MuiChip-outlined Mui-disabled MuiChip-clickable"
      role="button"
      tabindex="0"
    >
      <span
        class="MuiChip-label"
      >
        Header-Case
      </span>
      <span
        class="MuiTouchRipple-root"
      />
    </div>
    <div
      aria-disabled="true"
      aria-label="lower case"
      class="MuiButtonBase-root MuiChip-root c2 MuiChip-outlined Mui-disabled MuiChip-clickable"
      role="button"
      tabindex="0"
    >
      <span
        class="MuiChip-label"
      >
        lower case
      </span>
      <span
        class="MuiTouchRipple-root"
      />
    </div>
    <div
      aria-disabled="true"
      aria-label="lowerFirst case"
      class="MuiButtonBase-root MuiChip-root c2 MuiChip-outlined Mui-disabled MuiChip-clickable"
      role="button"
      tabindex="0"
    >
      <span
        class="MuiChip-label"
      >
        lowerFirst case
      </span>
      <span
        class="MuiTouchRipple-root"
      />
    </div>
    <div
      aria-disabled="true"
      aria-label="no case"
      class="MuiButtonBase-root MuiChip-root c2 MuiChip-outlined Mui-disabled MuiChip-clickable"
      role="button"
      tabindex="0"
    >
      <span
        class="MuiChip-label"
      >
        no case
      </span>
      <span
        class="MuiTouchRipple-root"
      />
    </div>
    <div
      aria-disabled="true"
      aria-label="param-case"
      class="MuiButtonBase-root MuiChip-root c2 MuiChip-outlined Mui-disabled MuiChip-clickable"
      role="button"
      tabindex="0"
    >
      <span
        class="MuiChip-label"
      >
        param-case
      </span>
      <span
        class="MuiTouchRipple-root"
      />
    </div>
    <div
      aria-disabled="true"
      aria-label="PascalCase"
      class="MuiButtonBase-root MuiChip-root c2 MuiChip-outlined Mui-disabled MuiChip-clickable"
      role="button"
      tabindex="0"
    >
      <span
        class="MuiChip-label"
      >
        PascalCase
      </span>
      <span
        class="MuiTouchRipple-root"
      />
    </div>
    <div
      aria-disabled="true"
      aria-label="path/case"
      class="MuiButtonBase-root MuiChip-root c2 MuiChip-outlined Mui-disabled MuiChip-clickable"
      role="button"
      tabindex="0"
    >
      <span
        class="MuiChip-label"
      >
        path/case
      </span>
      <span
        class="MuiTouchRipple-root"
      />
    </div>
    <div
      aria-disabled="true"
      aria-label="sArCaSmLoWeRfIrSt CaSe"
      class="MuiButtonBase-root MuiChip-root c2 MuiChip-outlined Mui-disabled MuiChip-clickable"
      role="button"
      tabindex="0"
    >
      <span
        class="MuiChip-label"
      >
        sArCaSmLoWeRfIrSt CaSe
      </span>
      <span
        class="MuiTouchRipple-root"
      />
    </div>
    <div
      aria-disabled="true"
      aria-label="SaRcAsMuPpErFiRsT cAsE"
      class="MuiButtonBase-root MuiChip-root c2 MuiChip-outlined Mui-disabled MuiChip-clickable"
      role="button"
      tabindex="0"
    >
      <span
        class="MuiChip-label"
      >
        SaRcAsMuPpErFiRsT cAsE
      </span>
      <span
        class="MuiTouchRipple-root"
      />
    </div>
    <div
      aria-disabled="true"
      aria-label="Sentence case"
      class="MuiButtonBase-root MuiChip-root c2 MuiChip-outlined Mui-disabled MuiChip-clickable"
      role="button"
      tabindex="0"
    >
      <span
        class="MuiChip-label"
      >
        Sentence case
      </span>
      <span
        class="MuiTouchRipple-root"
      />
    </div>
    <div
      aria-disabled="true"
      aria-label="snake_case"
      class="MuiButtonBase-root MuiChip-root c2 MuiChip-outlined Mui-disabled MuiChip-clickable"
      role="button"
      tabindex="0"
    >
      <span
        class="MuiChip-label"
      >
        snake_case
      </span>
      <span
        class="MuiTouchRipple-root"
      />
    </div>
    <div
      aria-disabled="true"
      aria-label="SWAP CASE"
      class="MuiButtonBase-root MuiChip-root c2 MuiChip-outlined Mui-disabled MuiChip-clickable"
      role="button"
      tabindex="0"
    >
      <span
        class="MuiChip-label"
      >
        SWAP CASE
      </span>
      <span
        class="MuiTouchRipple-root"
      />
    </div>
    <div
      aria-disabled="true"
      aria-label="Title Case"
      class="MuiButtonBase-root MuiChip-root c2 MuiChip-outlined Mui-disabled MuiChip-clickable"
      role="button"
      tabindex="0"
    >
      <span
        class="MuiChip-label"
      >
        Title Case
      </span>
      <span
        class="MuiTouchRipple-root"
      />
    </div>
    <div
      aria-disabled="true"
      aria-label="UPPER CASE"
      class="MuiButtonBase-root MuiChip-root c2 MuiChip-outlined Mui-disabled MuiChip-clickable"
      role="button"
      tabindex="0"
    >
      <span
        class="MuiChip-label"
      >
        UPPER CASE
      </span>
      <span
        class="MuiTouchRipple-root"
      />
    </div>
    <div
      aria-disabled="true"
      aria-label="UpperFirst case"
      class="MuiButtonBase-root MuiChip-root c2 MuiChip-outlined Mui-disabled MuiChip-clickable"
      role="button"
      tabindex="0"
    >
      <span
        class="MuiChip-label"
      >
        UpperFirst case
      </span>
      <span
        class="MuiTouchRipple-root"
      />
    </div>
  </div>
</div>
`;
